// Jest Snapshot v1, https://goo.gl/fbAQLP

exports[`<RadioSet/> Render radio set 1`] = `
<div
  class="mb-3"
>
  <label
    class="d-block"
    for="1"
  >
    Radios set label
  </label>
  <div
    class="mb-2"
  >
    <input
      checked=""
      class="form-check-input me-2"
      id="test_name-0"
      name="test_name"
      type="radio"
      value="value"
    />
    <label
      class="form-check-label"
      for="test_name-0"
    >
      label
    </label>
  </div>
  <div
    class="mb-2"
  >
    <input
      class="form-check-input me-2"
      id="test_name-1"
      name="test_name"
      type="radio"
      value="another value"
    />
    <label
      class="form-check-label"
      for="test_name-1"
    >
      another label
    </label>
  </div>
  <div
    class="mb-2"
  >
    <input
      class="form-check-input me-2"
      id="test_name-2"
      name="test_name"
      type="radio"
      value="another on value"
    />
    <label
      class="form-check-label"
      for="test_name-2"
    >
      another one  label
    </label>
  </div>
  <div
    class="form-text"
  >
    <small>
      Some help text
    </small>
  </div>
</div>
`;
